exports[`<Header> renders correctly 1`] = `
<Header
  title="Schibsted REST Framework"
  version="v 3.1.1">
  <Uncontrolled(Navbar)
    bsStyle="default"
    inverse={true}>
    <Navbar
      bsClass="navbar"
      bsStyle="default"
      collapseOnSelect={false}
      componentClass="nav"
      fixedBottom={false}
      fixedTop={false}
      fluid={false}
      inverse={true}
      onToggle={[Function]}
      staticTop={false}>
      <nav
        className="navbar navbar-inverse">
        <Grid
          bsClass="container"
          componentClass="div"
          fluid={false}>
          <div
            className="container">
            <NavbarHeader>
              <div
                className="navbar-header">
                <NavbarBrand>
                  <a
                    className="navbar-brand"
                    href="#">
                    <span
                      className="title">
                      Schibsted REST Framework
                    </span>
                    <span
                      className="version">
                      v 3.1.1
                    </span>
                  </a>
                </NavbarBrand>
              </div>
            </NavbarHeader>
          </div>
        </Grid>
      </nav>
    </Navbar>
  </Uncontrolled(Navbar)>
</Header>
`;
